-25911
-17594
-7122
-6793
-6440
-4129
-3773
-3119
134
6116
14339
14746
19711
22779
27069
